MO VendingMachine_top NULL VendingMachine_top.v vlg16/_vending_machine__top.bin 1524568566
MO binbcd14 NULL binbcd14.v vlg37/binbcd14.bin 1523435182
MO signal_decoder NULL siganl_decoder.v vlg77/signal__decoder.bin 1524568566
MO control NULL control.v vlg61/control.bin 1524568566
MO seg7_display NULL seg7_display.v vlg4F/seg7__display.bin 1524568566
MO siganl_decoder NULL siganl_decoder.v vlg73/siganl__decoder.bin 1523267700
MO pb_pulse NULL pb_pulse.v vlg0E/pb__pulse.bin 1524568566
MO clk_div NULL clk_div.v vlg3C/clk__div.bin 1524568566
