Release 14.3 - xst P.40xd (nt64)
Copyright (c) 1995-2012 Xilinx, Inc.  All rights reserved.
--> Parameter TMPDIR set to xst/projnav.tmp


Total REAL time to Xst completion: 0.00 secs
Total CPU time to Xst completion: 0.11 secs
 
--> Parameter xsthdpdir set to xst


Total REAL time to Xst completion: 0.00 secs
Total CPU time to Xst completion: 0.11 secs
 
--> Reading design: VendingMachine_top.prj

TABLE OF CONTENTS
  1) Synthesis Options Summary
  2) HDL Compilation
  3) Design Hierarchy Analysis
  4) HDL Analysis
  5) HDL Synthesis
     5.1) HDL Synthesis Report
  6) Advanced HDL Synthesis
     6.1) Advanced HDL Synthesis Report
  7) Low Level Synthesis
  8) Partition Report
  9) Final Report
	9.1) Device utilization summary
	9.2) Partition Resource Summary
	9.3) TIMING REPORT


=========================================================================
*                      Synthesis Options Summary                        *
=========================================================================
---- Source Parameters
Input File Name                    : "VendingMachine_top.prj"
Input Format                       : mixed
Ignore Synthesis Constraint File   : NO

---- Target Parameters
Output File Name                   : "VendingMachine_top"
Output Format                      : NGC
Target Device                      : xc3s100e-5-cp132

---- Source Options
Top Module Name                    : VendingMachine_top
Automatic FSM Extraction           : YES
FSM Encoding Algorithm             : Auto
Safe Implementation                : No
FSM Style                          : LUT
RAM Extraction                     : Yes
RAM Style                          : Auto
ROM Extraction                     : Yes
Mux Style                          : Auto
Decoder Extraction                 : YES
Priority Encoder Extraction        : Yes
Shift Register Extraction          : YES
Logical Shifter Extraction         : YES
XOR Collapsing                     : YES
ROM Style                          : Auto
Mux Extraction                     : Yes
Resource Sharing                   : YES
Asynchronous To Synchronous        : NO
Multiplier Style                   : Auto
Automatic Register Balancing       : No

---- Target Options
Add IO Buffers                     : YES
Global Maximum Fanout              : 100000
Add Generic Clock Buffer(BUFG)     : 24
Register Duplication               : YES
Slice Packing                      : YES
Optimize Instantiated Primitives   : NO
Use Clock Enable                   : Yes
Use Synchronous Set                : Yes
Use Synchronous Reset              : Yes
Pack IO Registers into IOBs        : Auto
Equivalent register Removal        : YES

---- General Options
Optimization Goal                  : Speed
Optimization Effort                : 1
Keep Hierarchy                     : No
Netlist Hierarchy                  : As_Optimized
RTL Output                         : Yes
Global Optimization                : AllClockNets
Read Cores                         : YES
Write Timing Constraints           : NO
Cross Clock Analysis               : NO
Hierarchy Separator                : /
Bus Delimiter                      : <>
Case Specifier                     : Maintain
Slice Utilization Ratio            : 100
BRAM Utilization Ratio             : 100
Verilog 2001                       : YES
Auto BRAM Packing                  : NO
Slice Utilization Ratio Delta      : 5

=========================================================================


=========================================================================
*                          HDL Compilation                              *
=========================================================================
Compiling verilog file "seg7_display.v" in library work
Compiling verilog file "pb_pulse.v" in library work
Module <seg7_display> compiled
Compiling verilog file "siganl_decoder.v" in library work
Module <pb_pulse> compiled
Compiling verilog file "control.v" in library work
Module <signal_decoder> compiled
Compiling verilog file "clk_div.v" in library work
Module <control> compiled
Compiling verilog file "VendingMachine_top.v" in library work
Module <clk_div> compiled
Module <VendingMachine_top> compiled
No errors in compilation
Analysis of file <"VendingMachine_top.prj"> succeeded.
 

=========================================================================
*                     Design Hierarchy Analysis                         *
=========================================================================
Analyzing hierarchy for module <VendingMachine_top> in library <work>.

Analyzing hierarchy for module <signal_decoder> in library <work>.

Analyzing hierarchy for module <clk_div> in library <work>.

Analyzing hierarchy for module <control> in library <work>.

Analyzing hierarchy for module <pb_pulse> in library <work>.

Analyzing hierarchy for module <seg7_display> in library <work>.


=========================================================================
*                            HDL Analysis                               *
=========================================================================
Analyzing top module <VendingMachine_top>.
Module <VendingMachine_top> is correct for synthesis.
 
Analyzing module <signal_decoder> in library <work>.
Module <signal_decoder> is correct for synthesis.
 
Analyzing module <pb_pulse> in library <work>.
Module <pb_pulse> is correct for synthesis.
 
Analyzing module <clk_div> in library <work>.
Module <clk_div> is correct for synthesis.
 
Analyzing module <control> in library <work>.
Module <control> is correct for synthesis.
 
Analyzing module <seg7_display> in library <work>.
Module <seg7_display> is correct for synthesis.
 

=========================================================================
*                           HDL Synthesis                               *
=========================================================================

Performing bidirectional port resolution...

Synthesizing Unit <clk_div>.
    Related source file is "clk_div.v".
    Found 1-bit register for signal <clk_1000hz>.
    Found 1-bit register for signal <clk_50hz>.
    Found 15-bit up counter for signal <clk_1000_cnt>.
    Found 32-bit up counter for signal <clk_50_cnt>.
    Summary:
	inferred   2 Counter(s).
	inferred   2 D-type flip-flop(s).
Unit <clk_div> synthesized.


Synthesizing Unit <pb_pulse>.
    Related source file is "pb_pulse.v".
    Found 2-bit register for signal <btnState>.
    Summary:
	inferred   2 D-type flip-flop(s).
Unit <pb_pulse> synthesized.


Synthesizing Unit <seg7_display>.
    Related source file is "seg7_display.v".
    Found 16x7-bit ROM for signal <a_to_g>.
    Summary:
	inferred   1 ROM(s).
Unit <seg7_display> synthesized.


Synthesizing Unit <signal_decoder>.
    Related source file is "siganl_decoder.v".
Unit <signal_decoder> synthesized.


Synthesizing Unit <control>.
    Related source file is "control.v".
    Found finite state machine <FSM_0> for signal <xiaoshu>.
    -----------------------------------------------------------------------
    | States             | 2                                              |
    | Transitions        | 12                                             |
    | Inputs             | 5                                              |
    | Outputs            | 3                                              |
    | Clock              | clk                       (rising_edge)        |
    | Reset              | coin_out                  (positive)           |
    | Reset type         | asynchronous                                   |
    | Reset State        | 0000                                           |
    | Encoding           | automatic                                      |
    | Implementation     | LUT                                            |
    -----------------------------------------------------------------------
    Found finite state machine <FSM_1> for signal <mode_flash>.
    -----------------------------------------------------------------------
    | States             | 4                                              |
    | Transitions        | 52                                             |
    | Inputs             | 5                                              |
    | Outputs            | 3                                              |
    | Clock              | clk                       (rising_edge)        |
    | Reset              | mode_flash$and0000        (positive)           |
    | Reset type         | synchronous                                    |
    | Reset State        | 01                                             |
    | Encoding           | automatic                                      |
    | Implementation     | LUT                                            |
    -----------------------------------------------------------------------
    Found finite state machine <FSM_2> for signal <mode_inquire>.
    -----------------------------------------------------------------------
    | States             | 4                                              |
    | Transitions        | 21                                             |
    | Inputs             | 3                                              |
    | Outputs            | 3                                              |
    | Clock              | clk                       (rising_edge)        |
    | Reset              | inquire_coca_cola         (positive)           |
    | Reset type         | synchronous                                    |
    | Reset State        | 01                                             |
    | Encoding           | automatic                                      |
    | Implementation     | LUT                                            |
    -----------------------------------------------------------------------
    Found 4-bit register for signal <bai>.
    Found 14-bit comparator less for signal <bai$cmp_lt0000> created at line 232.
    Found 14-bit comparator less for signal <bai$cmp_lt0001> created at line 243.
    Found 14-bit comparator less for signal <bai$cmp_lt0002> created at line 254.
    Found 4-bit addsub for signal <bai$share0000>.
    Found 3-bit down counter for signal <coca_cola_cnt>.
    Found 14-bit comparator greatequal for signal <coca_cola_cnt$cmp_ge0000> created at line 63.
    Found 3-bit comparator greater for signal <coca_cola_cnt$cmp_gt0000> created at line 63.
    Found 1-bit register for signal <dis_mode>.
    Found 4-bit register for signal <ge>.
    Found 4-bit addsub for signal <ge$addsub0000>.
    Found 4-bit comparator greatequal for signal <ge$cmp_ge0000> created at line 125.
    Found 4-bit comparator greatequal for signal <ge$cmp_ge0001> created at line 149.
    Found 3-bit comparator lessequal for signal <ge$cmp_le0000> created at line 124.
    Found 3-bit comparator lessequal for signal <ge$cmp_le0001> created at line 135.
    Found 14-bit comparator less for signal <ge$cmp_lt0000> created at line 124.
    Found 14-bit comparator less for signal <ge$cmp_lt0001> created at line 135.
    Found 14-bit comparator less for signal <ge$cmp_lt0002> created at line 146.
    Found 32-bit comparator greater for signal <mode_flash$cmp_gt0000> created at line 319.
    Found 14-bit comparator lessequal for signal <mode_flash$cmp_le0000> created at line 321.
    Found 14-bit comparator lessequal for signal <mode_flash$cmp_le0001> created at line 325.
    Found 14-bit comparator lessequal for signal <mode_flash$cmp_le0002> created at line 317.
    Found 32-bit comparator greater for signal <mode_inquire$cmp_gt0000> created at line 352.
    Found 14-bit adder for signal <money$add0000> created at line 47.
    Found 14-bit adder for signal <money$addsub0000> created at line 47.
    Found 14-bit adder for signal <money$addsub0001> created at line 47.
    Found 4x10-bit multiplier for signal <money$mult0000> created at line 47.
    Found 4x7-bit multiplier for signal <money$mult0001> created at line 47.
    Found 4x4-bit multiplier for signal <money$mult0002> created at line 47.
    Found 32-bit comparator greater for signal <NUM$cmp_gt0000> created at line 414.
    Found 3-bit down counter for signal <oolong_cnt>.
    Found 14-bit comparator greatequal for signal <oolong_cnt$cmp_ge0000> created at line 72.
    Found 3-bit comparator greater for signal <oolong_cnt$cmp_gt0000> created at line 72.
    Found 3-bit down counter for signal <redtea_cnt>.
    Found 2-bit up counter for signal <select>.
    Found 2-bit up counter for signal <select_flash>.
    Found 4-bit register for signal <shi>.
    Found 4-bit comparator greater for signal <shi$cmp_gt0000> created at line 177.
    Found 4-bit comparator greater for signal <shi$cmp_gt0001> created at line 190.
    Found 3-bit comparator lessequal for signal <shi$cmp_le0000> created at line 200.
    Found 4-bit comparator lessequal for signal <shi$cmp_le0001> created at line 175.
    Found 4-bit comparator lessequal for signal <shi$cmp_le0002> created at line 188.
    Found 4-bit comparator less for signal <shi$cmp_lt0000> created at line 177.
    Found 4-bit addsub for signal <shi$share0000>.
    Found 32-bit register for signal <timer1>.
    Found 32-bit subtractor for signal <timer1$addsub0000> created at line 296.
    Found 32-bit 4-to-1 multiplexer for signal <timer1$mux0000>.
    Found 32-bit register for signal <timer2>.
    Found 32-bit subtractor for signal <timer2$addsub0000> created at line 312.
    Found 32-bit 4-to-1 multiplexer for signal <timer2$mux0000>.
    Found 32-bit register for signal <timer3>.
    Found 32-bit subtractor for signal <timer3$addsub0000> created at line 344.
    Found 32-bit 4-to-1 multiplexer for signal <timer3$mux0000>.
    Found 14-bit comparator greatequal for signal <xiaoshu$cmp_ge0000> created at line 98.
    Found 4-bit comparator greatequal for signal <xiaoshu$cmp_ge0001> created at line 99.
    Found 3-bit comparator greater for signal <xiaoshu$cmp_gt0000> created at line 98.
    Summary:
	inferred   3 Finite State Machine(s).
	inferred   5 Counter(s).
	inferred 109 D-type flip-flop(s).
	inferred   9 Adder/Subtractor(s).
	inferred   3 Multiplier(s).
	inferred  29 Comparator(s).
	inferred  96 Multiplexer(s).
Unit <control> synthesized.


Synthesizing Unit <VendingMachine_top>.
    Related source file is "VendingMachine_top.v".
Unit <VendingMachine_top> synthesized.

INFO:Xst:1767 - HDL ADVISOR - Resource sharing has identified that some arithmetic operations in this design can share the same physical resources for reduced device utilization. For improved clock frequency you may try to disable resource sharing.

=========================================================================
HDL Synthesis Report

Macro Statistics
# ROMs                                                 : 1
 16x7-bit ROM                                          : 1
# Multipliers                                          : 3
 4x10-bit multiplier                                   : 1
 4x4-bit multiplier                                    : 1
 4x7-bit multiplier                                    : 1
# Adders/Subtractors                                   : 9
 14-bit adder                                          : 3
 32-bit subtractor                                     : 3
 4-bit addsub                                          : 3
# Counters                                             : 7
 15-bit up counter                                     : 1
 2-bit up counter                                      : 2
 3-bit down counter                                    : 3
 32-bit up counter                                     : 1
# Registers                                            : 12
 1-bit register                                        : 2
 2-bit register                                        : 4
 32-bit register                                       : 3
 4-bit register                                        : 3
# Comparators                                          : 29
 14-bit comparator greatequal                          : 3
 14-bit comparator less                                : 6
 14-bit comparator lessequal                           : 3
 3-bit comparator greater                              : 3
 3-bit comparator lessequal                            : 3
 32-bit comparator greater                             : 3
 4-bit comparator greatequal                           : 3
 4-bit comparator greater                              : 2
 4-bit comparator less                                 : 1
 4-bit comparator lessequal                            : 2
# Multiplexers                                         : 3
 32-bit 4-to-1 multiplexer                             : 3

=========================================================================

=========================================================================
*                       Advanced HDL Synthesis                          *
=========================================================================

Analyzing FSM <FSM_2> for best encoding.
Optimizing FSM <cl/mode_inquire/FSM> on signal <mode_inquire[1:2]> with gray encoding.
-------------------
 State | Encoding
-------------------
 00    | 10
 01    | 00
 10    | 01
 11    | 11
-------------------
Analyzing FSM <FSM_1> for best encoding.
Optimizing FSM <cl/mode_flash/FSM> on signal <mode_flash[1:2]> with gray encoding.
-------------------
 State | Encoding
-------------------
 00    | 10
 01    | 00
 10    | 01
 11    | 11
-------------------
Analyzing FSM <FSM_0> for best encoding.
Optimizing FSM <cl/xiaoshu/FSM> on signal <xiaoshu[1:1]> with sequential encoding.
-------------------
 State | Encoding
-------------------
 0000  | 0
 0101  | 1
-------------------

=========================================================================
Advanced HDL Synthesis Report

Macro Statistics
# FSMs                                                 : 3
# ROMs                                                 : 1
 16x7-bit ROM                                          : 1
# Multipliers                                          : 3
 4x10-bit multiplier                                   : 1
 4x4-bit multiplier                                    : 1
 4x7-bit multiplier                                    : 1
# Adders/Subtractors                                   : 9
 14-bit adder                                          : 3
 32-bit subtractor                                     : 3
 4-bit addsub                                          : 3
# Counters                                             : 7
 15-bit up counter                                     : 1
 2-bit up counter                                      : 2
 3-bit down counter                                    : 3
 32-bit up counter                                     : 1
# Registers                                            : 118
 Flip-Flops                                            : 118
# Comparators                                          : 29
 14-bit comparator greatequal                          : 3
 14-bit comparator less                                : 6
 14-bit comparator lessequal                           : 3
 3-bit comparator greater                              : 3
 3-bit comparator lessequal                            : 3
 32-bit comparator greater                             : 3
 4-bit comparator greatequal                           : 3
 4-bit comparator greater                              : 2
 4-bit comparator less                                 : 1
 4-bit comparator lessequal                            : 2
# Multiplexers                                         : 3
 32-bit 4-to-1 multiplexer                             : 3

=========================================================================

=========================================================================
*                         Low Level Synthesis                           *
=========================================================================

Optimizing unit <VendingMachine_top> ...

Optimizing unit <clk_div> ...

Optimizing unit <signal_decoder> ...

Optimizing unit <control> ...

Mapping all equations...
Building and optimizing final netlist ...
Found area constraint ratio of 100 (+ 5) on block VendingMachine_top, actual ratio is 34.

Final Macro Processing ...

=========================================================================
Final Register Report

Macro Statistics
# Registers                                            : 183
 Flip-Flops                                            : 183

=========================================================================

=========================================================================
*                           Partition Report                            *
=========================================================================

Partition Implementation Status
-------------------------------

  No Partitions were found in this design.

-------------------------------

=========================================================================
*                            Final Report                               *
=========================================================================
Final Results
RTL Top Level Output File Name     : VendingMachine_top.ngr
Top Level Output File Name         : VendingMachine_top
Output Format                      : NGC
Optimization Goal                  : Speed
Keep Hierarchy                     : No

Design Statistics
# IOs                              : 22

Cell Usage :
# BELS                             : 1017
#      GND                         : 1
#      INV                         : 111
#      LUT1                        : 64
#      LUT2                        : 89
#      LUT3                        : 136
#      LUT4                        : 172
#      LUT4_D                      : 8
#      LUT4_L                      : 2
#      MULT_AND                    : 2
#      MUXCY                       : 245
#      MUXF5                       : 15
#      VCC                         : 1
#      XORCY                       : 171
# FlipFlops/Latches                : 183
#      FD                          : 8
#      FDC                         : 48
#      FDCE                        : 17
#      FDPE                        : 6
#      FDR                         : 27
#      FDRE                        : 40
#      FDRS                        : 13
#      FDSE                        : 24
# Clock Buffers                    : 1
#      BUFGP                       : 1
# IO Buffers                       : 21
#      IBUF                        : 9
#      OBUF                        : 12
# MULTs                            : 2
#      MULT18X18SIO                : 2
=========================================================================

Device utilization summary:
---------------------------

Selected Device : 3s100ecp132-5 

 Number of Slices:                      309  out of    960    32%  
 Number of Slice Flip Flops:            183  out of   1920     9%  
 Number of 4 input LUTs:                582  out of   1920    30%  
 Number of IOs:                          22
 Number of bonded IOBs:                  22  out of     83    26%  
 Number of MULT18X18SIOs:                 2  out of      4    50%  
 Number of GCLKs:                         1  out of     24     4%  

---------------------------
Partition Resource Summary:
---------------------------

  No Partitions were found in this design.

---------------------------


=========================================================================
TIMING REPORT

NOTE: THESE TIMING NUMBERS ARE ONLY A SYNTHESIS ESTIMATE.
      FOR ACCURATE TIMING INFORMATION PLEASE REFER TO THE TRACE REPORT
      GENERATED AFTER PLACE-and-ROUTE.

Clock Information:
------------------
-----------------------------------+------------------------+-------+
Clock Signal                       | Clock buffer(FF name)  | Load  |
-----------------------------------+------------------------+-------+
clk                                | BUFGP                  | 179   |
c_d/clk_50hz                       | NONE(cl/select_flash_1)| 2     |
c_d/clk_1000hz                     | NONE(cl/select_1)      | 2     |
-----------------------------------+------------------------+-------+
INFO:Xst:2169 - HDL ADVISOR - Some clock signals were not automatically buffered by XST with BUFG/BUFR resources. Please use the buffer_type constraint in order to insert these buffers to the clock signals to help prevent skew problems.

Asynchronous Control Signals Information:
----------------------------------------
-----------------------------------+-------------------------+-------+
Control Signal                     | Buffer(FF name)         | Load  |
-----------------------------------+-------------------------+-------+
coin_out(s_d/pp3/pbPulse1:O)       | NONE(c_d/clk_1000_cnt_0)| 62    |
fill_up(s_d/fill_up1:O)            | NONE(cl/coca_cola_cnt_0)| 9     |
-----------------------------------+-------------------------+-------+

Timing Summary:
---------------
Speed Grade: -5

   Minimum period: 16.651ns (Maximum Frequency: 60.058MHz)
   Minimum input arrival time before clock: 8.983ns
   Maximum output required time after clock: 14.107ns
   Maximum combinational path delay: No path found

Timing Detail:
--------------
All values displayed in nanoseconds (ns)

=========================================================================
Timing constraint: Default period analysis for Clock 'clk'
  Clock period: 16.651ns (frequency: 60.058MHz)
  Total number of paths / destination ports: 2483322 / 375
-------------------------------------------------------------------------
Delay:               16.651ns (Levels of Logic = 16)
  Source:            cl/bai_0 (FF)
  Destination:       cl/bai_3 (FF)
  Source Clock:      clk rising
  Destination Clock: clk rising

  Data Path: cl/bai_0 to cl/bai_3
                                Gate     Net
    Cell:in->out      fanout   Delay   Delay  Logical Name (Net Name)
    ----------------------------------------  ------------
     FDCE:C->Q             8   0.514   0.643  cl/bai_0 (cl/bai_0)
     MULT18X18SIO:A0->P7    2   3.861   0.383  cl/Mmult_money_mult0000 (cl/money_mult0000<7>)
     LUT4:I3->O            1   0.612   0.387  cl/Madd_money_addsub0001C61 (cl/Madd_money_addsub0001C6)
     LUT3:I2->O            1   0.612   0.000  cl/Madd_money_addsub0001_Madd_lut<8> (cl/Madd_money_addsub0001_Madd_lut<8>)
     MUXCY:S->O            1   0.404   0.000  cl/Madd_money_addsub0001_Madd_cy<8> (cl/Madd_money_addsub0001_Madd_cy<8>)
     MUXCY:CI->O           1   0.052   0.000  cl/Madd_money_addsub0001_Madd_cy<9> (cl/Madd_money_addsub0001_Madd_cy<9>)
     MUXCY:CI->O           1   0.052   0.000  cl/Madd_money_addsub0001_Madd_cy<10> (cl/Madd_money_addsub0001_Madd_cy<10>)
     XORCY:CI->O           1   0.699   0.509  cl/Madd_money_addsub0001_Madd_xor<11> (cl/money_addsub0001<11>)
     LUT1:I0->O            1   0.612   0.000  cl/Madd_money_add0000_cy<11>_rt (cl/Madd_money_add0000_cy<11>_rt)
     MUXCY:S->O            1   0.404   0.000  cl/Madd_money_add0000_cy<11> (cl/Madd_money_add0000_cy<11>)
     XORCY:CI->O           6   0.699   0.572  cl/Madd_money_add0000_xor<12> (cl/money<12>)
     LUT4:I3->O            1   0.612   0.000  cl/Mcompar_xiaoshu_cmp_ge0000_lut<2> (cl/Mcompar_xiaoshu_cmp_ge0000_lut<2>)
     MUXCY:S->O            1   0.404   0.000  cl/Mcompar_xiaoshu_cmp_ge0000_cy<2>_1 (cl/Mcompar_xiaoshu_cmp_ge0000_cy<2>2)
     MUXCY:CI->O           4   0.399   0.502  cl/Mcompar_xiaoshu_cmp_ge0000_cy<3>_1 (cl/oolong_cnt_cmp_ge0000)
     LUT4:I3->O            5   0.612   0.541  cl/bai_not000213 (cl/oolong_cnt_and0000)
     LUT4_D:I3->O          1   0.612   0.360  cl/bai_not0002423 (cl/bai_not0002423)
     LUT4:I3->O            4   0.612   0.499  cl/bai_not0002 (cl/bai_not0002)
     FDCE:CE                   0.483          cl/bai_0
    ----------------------------------------
    Total                     16.651ns (12.255ns logic, 4.396ns route)
                                       (73.6% logic, 26.4% route)

=========================================================================
Timing constraint: Default period analysis for Clock 'c_d/clk_50hz'
  Clock period: 2.353ns (frequency: 425.026MHz)
  Total number of paths / destination ports: 3 / 2
-------------------------------------------------------------------------
Delay:               2.353ns (Levels of Logic = 1)
  Source:            cl/select_flash_0 (FF)
  Destination:       cl/select_flash_0 (FF)
  Source Clock:      c_d/clk_50hz rising
  Destination Clock: c_d/clk_50hz rising

  Data Path: cl/select_flash_0 to cl/select_flash_0
                                Gate     Net
    Cell:in->out      fanout   Delay   Delay  Logical Name (Net Name)
    ----------------------------------------  ------------
     FDR:C->Q              7   0.514   0.602  cl/select_flash_0 (cl/select_flash_0)
     INV:I->O              1   0.612   0.357  cl/Mcount_select_flash_xor<0>11_INV_0 (cl/Result<0>4)
     FDR:D                     0.268          cl/select_flash_0
    ----------------------------------------
    Total                      2.353ns (1.394ns logic, 0.959ns route)
                                       (59.2% logic, 40.8% route)

=========================================================================
Timing constraint: Default period analysis for Clock 'c_d/clk_1000hz'
  Clock period: 2.601ns (frequency: 384.467MHz)
  Total number of paths / destination ports: 3 / 2
-------------------------------------------------------------------------
Delay:               2.601ns (Levels of Logic = 1)
  Source:            cl/select_0 (FF)
  Destination:       cl/select_0 (FF)
  Source Clock:      c_d/clk_1000hz rising
  Destination Clock: c_d/clk_1000hz rising

  Data Path: cl/select_0 to cl/select_0
                                Gate     Net
    Cell:in->out      fanout   Delay   Delay  Logical Name (Net Name)
    ----------------------------------------  ------------
     FDR:C->Q             14   0.514   0.850  cl/select_0 (cl/select_0)
     INV:I->O              1   0.612   0.357  cl/Mcount_select_xor<0>11_INV_0 (cl/Result<0>3)
     FDR:D                     0.268          cl/select_0
    ----------------------------------------
    Total                      2.601ns (1.394ns logic, 1.207ns route)
                                       (53.6% logic, 46.4% route)

=========================================================================
Timing constraint: Default OFFSET IN BEFORE for Clock 'clk'
  Total number of paths / destination ports: 848 / 313
-------------------------------------------------------------------------
Offset:              8.983ns (Levels of Logic = 8)
  Source:            SW<1> (PAD)
  Destination:       cl/ge_3 (FF)
  Destination Clock: clk rising

  Data Path: SW<1> to cl/ge_3
                                Gate     Net
    Cell:in->out      fanout   Delay   Delay  Logical Name (Net Name)
    ----------------------------------------  ------------
     IBUF:I->O             5   1.106   0.690  SW_1_IBUF (SW_1_IBUF)
     LUT3:I0->O           15   0.612   1.016  s_d/coca_cola1 (coca_cola)
     LUT4:I0->O            1   0.612   0.426  cl/ge_mux0002112 (cl/ge_mux0002111)
     LUT3:I1->O            5   0.612   0.690  cl/ge_mux000231 (cl/ge_mux00021)
     LUT4:I0->O            1   0.612   0.000  cl/Maddsub_ge_addsub0000_cy<1>111 (cl/Maddsub_ge_addsub0000_cy<1>11)
     MUXF5:I1->O           2   0.278   0.449  cl/Maddsub_ge_addsub0000_cy<1>11_f5 (cl/Maddsub_ge_addsub0000_cy<1>)
     LUT3:I1->O            1   0.612   0.387  cl/ge_mux0000<0>_SW2 (N85)
     LUT3:I2->O            1   0.612   0.000  cl/ge_mux0000<0> (cl/ge_mux0000<0>)
     FDCE:D                    0.268          cl/ge_3
    ----------------------------------------
    Total                      8.983ns (5.324ns logic, 3.659ns route)
                                       (59.3% logic, 40.7% route)

=========================================================================
Timing constraint: Default OFFSET OUT AFTER for Clock 'c_d/clk_1000hz'
  Total number of paths / destination ports: 166 / 12
-------------------------------------------------------------------------
Offset:              11.692ns (Levels of Logic = 8)
  Source:            cl/select_0 (FF)
  Destination:       a_to_g<6> (PAD)
  Source Clock:      c_d/clk_1000hz rising

  Data Path: cl/select_0 to a_to_g<6>
                                Gate     Net
    Cell:in->out      fanout   Delay   Delay  Logical Name (Net Name)
    ----------------------------------------  ------------
     FDR:C->Q             14   0.514   1.002  cl/select_0 (cl/select_0)
     LUT2:I0->O            4   0.612   0.651  cl/point1 (point_OBUF)
     LUT4:I0->O            1   0.612   0.360  cl/NUM<0>155_SW0_SW0 (N125)
     LUT4:I3->O            1   0.612   0.000  cl/NUM<0>217_SW0_SW0_F (N145)
     MUXF5:I0->O           1   0.278   0.509  cl/NUM<0>217_SW0_SW0 (N115)
     LUT3:I0->O            1   0.612   0.426  cl/NUM<0>217_SW0 (N107)
     LUT4:I1->O            7   0.612   0.754  cl/NUM<0>217 (cl/NUM<0>)
     LUT4:I0->O            1   0.612   0.357  cl/seg_d/Mrom_a_to_g31 (a_to_g_3_OBUF)
     OBUF:I->O                 3.169          a_to_g_3_OBUF (a_to_g<3>)
    ----------------------------------------
    Total                     11.692ns (7.633ns logic, 4.059ns route)
                                       (65.3% logic, 34.7% route)

=========================================================================
Timing constraint: Default OFFSET OUT AFTER for Clock 'clk'
  Total number of paths / destination ports: 6222 / 11
-------------------------------------------------------------------------
Offset:              14.107ns (Levels of Logic = 19)
  Source:            cl/timer3_0 (FF)
  Destination:       a_to_g<4> (PAD)
  Source Clock:      clk rising

  Data Path: cl/timer3_0 to a_to_g<4>
                                Gate     Net
    Cell:in->out      fanout   Delay   Delay  Logical Name (Net Name)
    ----------------------------------------  ------------
     FDR:C->Q              2   0.514   0.532  cl/timer3_0 (cl/timer3_0)
     LUT4:I0->O            1   0.612   0.000  cl/Mcompar_mode_inquire_cmp_gt0000_lut<0> (cl/Mcompar_mode_inquire_cmp_gt0000_lut<0>)
     MUXCY:S->O            1   0.404   0.000  cl/Mcompar_mode_inquire_cmp_gt0000_cy<0> (cl/Mcompar_mode_inquire_cmp_gt0000_cy<0>)
     MUXCY:CI->O           1   0.052   0.000  cl/Mcompar_mode_inquire_cmp_gt0000_cy<1> (cl/Mcompar_mode_inquire_cmp_gt0000_cy<1>)
     MUXCY:CI->O           1   0.052   0.000  cl/Mcompar_mode_inquire_cmp_gt0000_cy<2> (cl/Mcompar_mode_inquire_cmp_gt0000_cy<2>)
     MUXCY:CI->O           1   0.052   0.000  cl/Mcompar_mode_inquire_cmp_gt0000_cy<3> (cl/Mcompar_mode_inquire_cmp_gt0000_cy<3>)
     MUXCY:CI->O           1   0.052   0.000  cl/Mcompar_mode_inquire_cmp_gt0000_cy<4> (cl/Mcompar_mode_inquire_cmp_gt0000_cy<4>)
     MUXCY:CI->O           1   0.052   0.000  cl/Mcompar_mode_inquire_cmp_gt0000_cy<5> (cl/Mcompar_mode_inquire_cmp_gt0000_cy<5>)
     MUXCY:CI->O           1   0.052   0.000  cl/Mcompar_mode_inquire_cmp_gt0000_cy<6> (cl/Mcompar_mode_inquire_cmp_gt0000_cy<6>)
     MUXCY:CI->O          10   0.399   0.819  cl/Mcompar_mode_inquire_cmp_gt0000_cy<7> (cl/Mcompar_mode_inquire_cmp_gt0000_cy<7>)
     LUT4:I1->O            1   0.612   0.000  cl/NUM<1>49_SW01 (cl/NUM<1>49_SW0)
     MUXF5:I1->O           2   0.278   0.532  cl/NUM<1>49_SW0_f5 (N91)
     LUT4:I0->O            1   0.612   0.000  cl/NUM<1>49_F (N141)
     MUXF5:I0->O           1   0.278   0.387  cl/NUM<1>49 (cl/NUM<1>49)
     LUT4:I2->O            1   0.612   0.000  cl/NUM<1>132_SW01 (cl/NUM<1>132_SW0)
     MUXF5:I1->O           1   0.278   0.387  cl/NUM<1>132_SW0_f5 (N133)
     LUT4:I2->O            1   0.612   0.426  cl/NUM<1>132 (cl/NUM<1>132)
     LUT2:I1->O            7   0.612   0.754  cl/NUM<1>144 (cl/NUM<1>)
     LUT4:I0->O            1   0.612   0.357  cl/seg_d/Mrom_a_to_g41 (a_to_g_4_OBUF)
     OBUF:I->O                 3.169          a_to_g_4_OBUF (a_to_g<4>)
    ----------------------------------------
    Total                     14.107ns (9.913ns logic, 4.193ns route)
                                       (70.3% logic, 29.7% route)

=========================================================================
Timing constraint: Default OFFSET OUT AFTER for Clock 'c_d/clk_50hz'
  Total number of paths / destination ports: 46 / 9
-------------------------------------------------------------------------
Offset:              7.900ns (Levels of Logic = 5)
  Source:            cl/select_flash_0 (FF)
  Destination:       a_to_g<6> (PAD)
  Source Clock:      c_d/clk_50hz rising

  Data Path: cl/select_flash_0 to a_to_g<6>
                                Gate     Net
    Cell:in->out      fanout   Delay   Delay  Logical Name (Net Name)
    ----------------------------------------  ------------
     FDR:C->Q              7   0.514   0.605  cl/select_flash_0 (cl/select_flash_0)
     LUT4:I3->O            1   0.612   0.000  cl/NUM<0>141 (cl/NUM<0>141)
     MUXF5:I0->O           1   0.278   0.387  cl/NUM<0>14_f5 (cl/NUM<0>14)
     LUT4:I2->O            7   0.612   0.754  cl/NUM<0>217 (cl/NUM<0>)
     LUT4:I0->O            1   0.612   0.357  cl/seg_d/Mrom_a_to_g31 (a_to_g_3_OBUF)
     OBUF:I->O                 3.169          a_to_g_3_OBUF (a_to_g<3>)
    ----------------------------------------
    Total                      7.900ns (5.797ns logic, 2.103ns route)
                                       (73.4% logic, 26.6% route)

=========================================================================


Total REAL time to Xst completion: 7.00 secs
Total CPU time to Xst completion: 7.79 secs
 
--> 

Total memory usage is 372524 kilobytes

Number of errors   :    0 (   0 filtered)
Number of warnings :    0 (   0 filtered)
Number of infos    :    2 (   0 filtered)

